ÔÅ│ Chargement de la SDE et des blueprints...

­ƒôû Loading SDE types into memory...
Ô£à Loaded 51083 types into memory
[2025-12-13 21:20:04] [32minfo[39m: [32m­ƒôû Loading blueprints from SDE...[39m
[2025-12-13 21:20:04] [32minfo[39m: [32mÔ£à Loaded 5059 blueprints into memory[39m
Ô£à SDE et blueprints charg├®s !

========================================
TEST: Capital Core Temperature Regulator 1 10 20
========================================

[2025-12-13 21:20:04] [32minfo[39m: [32mCalculating production plan for 1 jobs[39m

­ƒôè R├ëSULTATS GLOBAUX:
Total mat├®riaux: 20
Total jobs: 16

­ƒôª JOBS PAR CAT├ëGORIE:

